// Jest Snapshot v1, https://goo.gl/fbAQLP

exports[`pruebas en multipleCustomHooks debe de mostarse correctamente  1`] = `
<div>
  <h1>
    BreakingBar Quotes!!
  </h1>
  <hr />
  <div
    className="alert alert-info text-center"
  >
    loading..
  </div>
  <button
    className="btn-primary"
    onClick={[Function]}
  >
    siguiente quote
  </button>
</div>
`;
