// Jest Snapshot v1, https://goo.gl/fbAQLP

exports[`pruebas en <TodoListItem/> debe mostrarse correctamente 1`] = `
<li
  className="list-group-item"
>
  <p
    className="false"
    onClick={[Function]}
  >
    1
    .
    aprender React
  </p>
  <button
    className="btn btn-danger"
    onClick={[Function]}
  >
    borrar
  </button>
</li>
`;
