// Jest Snapshot v1, https://goo.gl/fbAQLP

exports[`pruebas en <HomeScreen/> debe de mostrarse correctamente 1`] = `
<div>
  <h1>
    Home screen
  </h1>
  <pre>
    {
   "name": "daniel",
   "email": "proof@gmail.com"
}
  </pre>
</div>
`;
