// Jest Snapshot v1, https://goo.gl/fbAQLP

exports[`Pruebas counter app prueba render componente  1`] = `
<Fragment>
  <h1>
    CounterAPP
  </h1>
  <h2>
    10
  </h2>
  <button
    onClick={[Function]}
  >
    +1
  </button>
  <button
    onClick={[Function]}
  >
    -1
  </button>
  <button
    onClick={[Function]}
  >
    Reset
  </button>
</Fragment>
`;
